Версия MSBuild 17.7.4+3ebbd7c49 для .NET
  Определение проектов для восстановления...
C:\Program Files\dotnet\sdk\7.0.404\Sdks\Microsoft.NET.Sdk\targets\Microsoft.NET.TargetFrameworkInference.targets(160,5): error NETSDK1045: текущий пакет SDK для .NET не поддерживает нацеливание .NET 8.0. Выберите .NET 7.0 или более раннюю версию либо используйте версию пакета SDK для .NET, которая поддерживает .NET 8.0. Скачайте SDK для .NET по ссылке https://aka.ms/dotnet/download [D:\KAFE\src\CafeCrm.Pos\CafeCrm.Pos.csproj]
C:\Program Files\dotnet\sdk\7.0.404\Sdks\Microsoft.NET.Sdk\targets\Microsoft.NET.TargetFrameworkInference.targets(160,5): error NETSDK1045: текущий пакет SDK для .NET не поддерживает нацеливание .NET 8.0. Выберите .NET 7.0 или более раннюю версию либо используйте версию пакета SDK для .NET, которая поддерживает .NET 8.0. Скачайте SDK для .NET по ссылке https://aka.ms/dotnet/download [D:\KAFE\src\CafeCrm.Infrastructure\CafeCrm.Infrastructure.csproj]
C:\Program Files\dotnet\sdk\7.0.404\Sdks\Microsoft.NET.Sdk\targets\Microsoft.NET.TargetFrameworkInference.targets(160,5): error NETSDK1045: текущий пакет SDK для .NET не поддерживает нацеливание .NET 8.0. Выберите .NET 7.0 или более раннюю версию либо используйте версию пакета SDK для .NET, которая поддерживает .NET 8.0. Скачайте SDK для .NET по ссылке https://aka.ms/dotnet/download [D:\KAFE\src\CafeCrm.Domain\CafeCrm.Domain.csproj]
C:\Program Files\dotnet\sdk\7.0.404\Sdks\Microsoft.NET.Sdk\targets\Microsoft.NET.TargetFrameworkInference.targets(160,5): error NETSDK1045: текущий пакет SDK для .NET не поддерживает нацеливание .NET 8.0. Выберите .NET 7.0 или более раннюю версию либо используйте версию пакета SDK для .NET, которая поддерживает .NET 8.0. Скачайте SDK для .NET по ссылке https://aka.ms/dotnet/download [D:\KAFE\src\CafeCrm.App\CafeCrm.App.csproj]
C:\Program Files\dotnet\sdk\7.0.404\Sdks\Microsoft.NET.Sdk\targets\Microsoft.NET.TargetFrameworkInference.targets(160,5): error NETSDK1045: текущий пакет SDK для .NET не поддерживает нацеливание .NET 8.0. Выберите .NET 7.0 или более раннюю версию либо используйте версию пакета SDK для .NET, которая поддерживает .NET 8.0. Скачайте SDK для .NET по ссылке https://aka.ms/dotnet/download [D:\KAFE\src\CafeCrm.Application\CafeCrm.Application.csproj]

Ошибка сборки.

C:\Program Files\dotnet\sdk\7.0.404\Sdks\Microsoft.NET.Sdk\targets\Microsoft.NET.TargetFrameworkInference.targets(160,5): error NETSDK1045: текущий пакет SDK для .NET не поддерживает нацеливание .NET 8.0. Выберите .NET 7.0 или более раннюю версию либо используйте версию пакета SDK для .NET, которая поддерживает .NET 8.0. Скачайте SDK для .NET по ссылке https://aka.ms/dotnet/download [D:\KAFE\src\CafeCrm.Pos\CafeCrm.Pos.csproj]
C:\Program Files\dotnet\sdk\7.0.404\Sdks\Microsoft.NET.Sdk\targets\Microsoft.NET.TargetFrameworkInference.targets(160,5): error NETSDK1045: текущий пакет SDK для .NET не поддерживает нацеливание .NET 8.0. Выберите .NET 7.0 или более раннюю версию либо используйте версию пакета SDK для .NET, которая поддерживает .NET 8.0. Скачайте SDK для .NET по ссылке https://aka.ms/dotnet/download [D:\KAFE\src\CafeCrm.Infrastructure\CafeCrm.Infrastructure.csproj]
C:\Program Files\dotnet\sdk\7.0.404\Sdks\Microsoft.NET.Sdk\targets\Microsoft.NET.TargetFrameworkInference.targets(160,5): error NETSDK1045: текущий пакет SDK для .NET не поддерживает нацеливание .NET 8.0. Выберите .NET 7.0 или более раннюю версию либо используйте версию пакета SDK для .NET, которая поддерживает .NET 8.0. Скачайте SDK для .NET по ссылке https://aka.ms/dotnet/download [D:\KAFE\src\CafeCrm.Domain\CafeCrm.Domain.csproj]
C:\Program Files\dotnet\sdk\7.0.404\Sdks\Microsoft.NET.Sdk\targets\Microsoft.NET.TargetFrameworkInference.targets(160,5): error NETSDK1045: текущий пакет SDK для .NET не поддерживает нацеливание .NET 8.0. Выберите .NET 7.0 или более раннюю версию либо используйте версию пакета SDK для .NET, которая поддерживает .NET 8.0. Скачайте SDK для .NET по ссылке https://aka.ms/dotnet/download [D:\KAFE\src\CafeCrm.App\CafeCrm.App.csproj]
C:\Program Files\dotnet\sdk\7.0.404\Sdks\Microsoft.NET.Sdk\targets\Microsoft.NET.TargetFrameworkInference.targets(160,5): error NETSDK1045: текущий пакет SDK для .NET не поддерживает нацеливание .NET 8.0. Выберите .NET 7.0 или более раннюю версию либо используйте версию пакета SDK для .NET, которая поддерживает .NET 8.0. Скачайте SDK для .NET по ссылке https://aka.ms/dotnet/download [D:\KAFE\src\CafeCrm.Application\CafeCrm.Application.csproj]
    Предупреждений: 0
    Ошибок: 5

Прошло времени 00:00:01.19
